%: инт -> инт -> инт
&&: бул -> бул -> бул
*: инт -> инт -> инт
*>: (Список<'a55> -> ПарсРез<а>) -> (Список<'a55> -> ПарсРез<а>) -> Список<'a55> -> ПарсРез<а>
+: инт -> инт -> инт
-: инт -> инт -> инт
/: инт -> инт -> инт
::: а -> Список<а> -> Список<а>
<: а -> а -> бул
<*: (Список<'a77> -> ПарсРез<а>) -> (Список<'a77> -> ПарсРез<а>) -> Список<'a77> -> ПарсРез<а>
<<: (Список<'a90> -> ПарсРез<а>) -> (Список<'a90> -> ПарсРез<а>) -> Список<'a90> -> ПарсРез<а>
<=: а -> а -> бул
<>: а -> а -> бул
<|>: (Список<символ> -> ПарсРез<'a44>) -> (Список<символ> -> ПарсРез<'a44>) -> Список<символ> -> ПарсРез<'a44>
=: а -> а -> бул
>: а -> а -> бул
>=: а -> а -> бул
>>: (Список<'a109> -> ПарсРез<а>) -> (Список<'a109> -> ПарсРез<а>) -> Список<'a109> -> ПарсРез<а>
>>=: (Список<символ> -> ПарсРез<'a23>) -> ('a23 -> Список<символ> -> ПарсРез<'a23>) -> Список<символ> -> ПарсРез<б>
@: Список<а> -> Список<а> -> Список<а>
^: строка -> строка -> строка
|>: а -> (а -> б) -> б
||: бул -> бул -> бул
Вычесть: (Выражение<>, Выражение<>) -> Выражение<>
Делить: (Выражение<>, Выражение<>) -> Выражение<>
Ок: (а, Вход<>) -> ПарсРез<а>
Сложить: (Выражение<>, Выражение<>) -> Выражение<>
Умножить: (Выражение<>, Выражение<>) -> Выражение<>
Фейл: (строка, Вход<>) -> ПарсРез<а>
Число: инт -> Выражение<>
в_скобках: (Список<'a525> -> ПарсРез<а>) -> Список<'a525> -> ПарсРез<а>
вернуть: а -> Список<символ> -> ПарсРез<а>
вычислить: Выражение<> -> инт
дебаг: _ -> скиб
мап_парсрез: ('a588 -> б) -> ПарсРез<'a588> -> ПарсРез<б>
много: (Список<'a130> -> ПарсРез<'a129>) -> Список<'a130> -> ПарсРез<'a129>
напечатай: строка -> скиб
не: бул -> бул
несколько: (Список<'a160> -> ПарсРез<'a145>) -> Список<'a160> -> ПарсРез<'a145>
ошибка: строка -> Список<символ> -> ПарсРез<а>
п_выраж: Список<'a565> -> ПарсРез<а>
п_делить: Список<символ> -> ПарсРез<а>
п_символ: (символ -> бул) -> Список<символ> -> ПарсРез<символ>
п_сложить: Список<символ> -> ПарсРез<а>
п_убавить: Список<символ> -> ПарсРез<а>
п_умножить: Список<символ> -> ПарсРез<а>
п_число: Список<символ> -> ПарсРез<а>
поднять2: ('a289 -> 'a298 -> д) -> (Список<'a300> -> ПарсРез<'a289>) -> (Список<'a300> -> ПарсРез<'a289>) -> Список<'a300> -> ПарсРез<'a289>
пп_число: Список<символ> -> ПарсРез<а>
пробелы: Список<символ> -> ПарсРез<а>
прочитай_файл: строка -> строка
символ_из_числа: инт -> символ
символ_цифра: символ -> бул
список_из_строки: строка -> Список<символ>
строка_из_списка: Список<символ> -> строка
строка_из_числа: инт -> строка
считай: скиб -> строка
убрать_пробелы: (Список<символ> -> ПарсРез<а>) -> Список<символ> -> ПарсРез<а>
фикс: ((а -> б) -> а -> б) -> а -> б
цепь_лев: (Список<'a367> -> ПарсРез<'a337>) -> (Список<'a367> -> ПарсРез<'a337>) -> Список<'a367> -> ПарсРез<'a337>
цифры: Список<символ>
число_из_символа: символ -> инт
число_из_строки: строка -> инт
элемент: Список<а> -> а -> бул
clet |> (икс: а) (ф: а -> б) = ф икс
clet фикс (ф: (а -> б) -> а -> б) (икс: а) = ф (фикс ф) икс
clet >>= (м: Парсер<а>) (ф: а -> Парсер<б>) (вход: Вход<>) = сопоставить м вход с| Ок (рез, остаток) -> ф рез остаток | Фейл (сообщ, остаток) -> Фейл (сообщ, остаток)
clet вернуть (рез: а) (вход: Вход<>) = Ок (рез, вход)
clet ошибка (сообщ: строка) (вход: Вход<>) = Фейл (сообщ, вход)
clet <|> (п1: Парсер<а>) (п2: Парсер<а>) (вход: Вход<>) = сопоставить п1 вход с| Фейл _ -> п2 вход | другое -> другое
clet lam$1 (п2: ?) (_: __) = п2
clet *> (п1: Парсер<а>) (п2: Парсер<а>) = п1 >>= (lam$1 п2)
clet lam$2 (п2: ?) (рез: б) = п2 *> (вернуть рез)
clet <* (п1: Парсер<а>) (п2: Парсер<а>) = п1 >>= (lam$2 п2)
clet << (п1: Парсер<а>) (п2: Парсер<а>) = (п1 <* п2) <|> п1
clet >> (п1: Парсер<а>) (п2: Парсер<а>) = (п1 *> п2) <|> п2
clet много (п: Парсер<а>) = (несколько п) <|> (вернуть [])
clet lam$3 (п: ?) (голова: а) = (много п) >>= (lam$4 голова)
clet lam$4 (голова: ?) (хвост: Список<а>) = вернуть (голова :: хвост)
clet несколько (п: Парсер<а>) = п >>= (lam$3 п)
clet п_символ (предикат: символ -> бул) (вход: Вход<>) = сопоставить вход с| [] -> ошибка "Конец файла" [] | г :: х когда предикат г -> вернуть г х | _ -> ошибка "Символ не удовлетворяет предикату" []
clet элемент (список: Список<а>) (элем: а) = сопоставить список с| [] -> false | г :: х когда г = элем -> true | г :: х -> элемент х элем
clet цифры  = список_из_строки "0123456789"
clet символ_цифра  = элемент цифры
clet пробелы  = много (п_символ (' ' =))
clet убрать_пробелы  = пробелы >>
clet lam$5 (цифры: Список<символ>) = (((строка_из_списка цифры) |> число_из_строки) |> Число) |> вернуть
clet пп_число  = (несколько (п_символ символ_цифра)) >>= lam$5
clet п_число  = убрать_пробелы пп_число
clet lam$6 (б: ?) (ф: ?) (аа: а) = б >>= (lam$7 аа ф)
clet lam$7 (аа: ?) (ф: ?) (бб: б) = вернуть (ф бб аа)
clet поднять2 (ф: а -> б -> д) (а: Парсер<а>) (б: Парсер<б>) = а >>= (lam$6 б ф)
clet lam$8 (выраж: ?) (идти: ?) (оп: ?) (аккум: а) = ((поднять2 (lam$9 аккум) оп выраж) >>= идти) <|> (вернуть аккум)
clet lam$9 (аккум: ?) (ф: а -> а -> Парсер<а>) (икс: а) = ф аккум икс
clet цепь_лев (выраж: Парсер<а>) (оп: Парсер<а -> а -> Парсер<а>>) = пусть рек идти = lam$8 выраж идти оп в выраж >>= идти
clet lam$10 (а: Выражение<>) (б: Выражение<>) = Умножить (а, б)
clet п_умножить  = (пробелы >> (п_символ ('*' =))) *> (вернуть lam$10)
clet lam$11 (а: Выражение<>) (б: Выражение<>) = Сложить (а, б)
clet п_сложить  = (пробелы >> (п_символ ('+' =))) *> (вернуть lam$11)
clet lam$12 (а: Выражение<>) (б: Выражение<>) = Делить (а, б)
clet п_делить  = (пробелы >> (п_символ ('+' =))) *> (вернуть lam$12)
clet lam$13 (а: Выражение<>) (б: Выражение<>) = Вычесть (б, а)
clet п_убавить  = (пробелы >> (п_символ ('-' =))) *> (вернуть lam$13)
clet в_скобках (п: Парсер<а>) = ((пробелы >> (п_символ ('(' =))) *> (пробелы >> п)) <* (пробелы >> (п_символ (')' =)))
clet п_выраж  = пусть множитель = п_число <|> (в_скобках п_выраж) в множитель
clet вычислить (выраж: Выражение<>) = сопоставить выраж с| Число икс -> икс | Сложить (а, б) -> (вычислить а) + (вычислить б) | Вычесть (а, б) -> (вычислить а) - (вычислить б) | Умножить (а, б) -> (вычислить а) * (вычислить б) | Делить (а, б) -> (вычислить а) / (вычислить б)
clet мап_парсрез (ф: а -> б) (рез: ПарсРез<а>) = сопоставить рез с| Ок (рез, остаток) -> Ок (ф рез, остаток) | другое -> другое
clet ()  = пусть вход = список_из_строки "" в ((п_выраж вход) |> (мап_парсрез вычислить)) |> дебаг
1 лм (икс: а) -> лм (ф: а -> б) -> ф икс
2 лм (ф: (а -> б) -> а -> б) -> лм (икс: а) -> ф (фикс ф) икс
3 лм (м: Парсер<а>) -> лм (ф: а -> Парсер<б>) -> лм (вход: Вход<>) -> сопоставить м вход с      | Ок (рез, остаток) -> ф рез остаток       | Фейл (сообщ, остаток) -> Фейл       (сообщ, остаток)
4 лм (рез: а) -> лм (вход: Вход<>) -> Ок     (рез, вход)
5 лм (сообщ: строка) -> лм (вход: Вход<>) -> Фейл     (сообщ, вход)
6 лм (п1: Парсер<а>) -> лм (п2: Парсер<а>) -> лм (вход: Вход<>) -> сопоставить п1 вход с      | Фейл _ -> п2 вход       | другое -> другое
7 лм (п2: ?) -> лм (_: __) -> п2
8 лм (п1: Парсер<а>) -> лм (п2: Парсер<а>) -> п1 >>= (lam$1 п2)
9 лм (п2: ?) -> лм (рез: б) -> п2 *> (вернуть рез)
10 лм (п1: Парсер<а>) -> лм (п2: Парсер<а>) -> п1 >>= (lam$2 п2)
11 лм (п1: Парсер<а>) -> лм (п2: Парсер<а>) -> (п1 <* п2) <|> п1
12 лм (п1: Парсер<а>) -> лм (п2: Парсер<а>) -> (п1 *> п2) <|> п2
13 лм (п: Парсер<а>) -> (несколько п) <|> (вернуть [])
14 лм (п: ?) -> лм (голова: а) -> (много п) >>= (lam$4 голова)
15 лм (голова: ?) -> лм (хвост: Список<а>) -> вернуть (голова :: хвост)
16 лм (п: Парсер<а>) -> п >>= (lam$3 п)
17 лм (предикат: символ -> бул) -> лм (вход: Вход<>) -> сопоставить вход с    | [] -> ошибка "Конец файла" []     | г :: х когда предикат г -> вернуть г х     | _ -> ошибка "Символ не удовлетворяет предикату" []
18 лм (список: Список<а>) -> лм (элем: а) -> сопоставить список с    | [] -> false     | г :: х когда г = элем -> true     | г :: х -> элемент х элем
19 список_из_строки "0123456789"
20 список_из_строки
21 "0123456789"
22 элемент цифры
23 элемент
24 цифры
25 лм (элем: а) -> сопоставить список с  | [] -> false   | г :: х когда г = элем -> true   | г :: х -> элемент х элем
26 много (п_символ (' ' =))
27 много
28 п_символ (' ' =)
29 п_символ
30 ' ' =
31 =
32 ' '
33 лм (вход: Вход<>) -> сопоставить вход с  | [] -> ошибка "Конец файла" []   | г :: х когда предикат г -> вернуть г х   | _ -> ошибка "Символ не удовлетворяет предикату" []
34 (несколько п) <|> (вернуть [])
35 (несколько п) <|>
36 <|>
37 несколько п
38 несколько
39 п
40 п >>= (lam$3 п)
41 п >>=
42 >>=
43 п
44 лм (ф: а -> Парсер<б>) -> лм (вход: Вход<>) -> сопоставить м вход с    | Ок (рез, остаток) -> ф рез остаток     | Фейл (сообщ, остаток) -> Фейл     (сообщ, остаток)
45 lam$3 п
46 lam$3
47 п
48 лм (голова: а) -> (много п) >>= (lam$4 голова)
49 лм (вход: Вход<>) -> сопоставить м вход с  | Ок (рез, остаток) -> ф рез остаток   | Фейл (сообщ, остаток) -> Фейл   (сообщ, остаток)
50 лм (п2: Парсер<а>) -> лм (вход: Вход<>) -> сопоставить п1 вход с    | Фейл _ -> п2 вход     | другое -> другое
51 вернуть []
52 вернуть
53 []
54 лм (вход: Вход<>) -> Ок   (рез, вход)
55 лм (вход: Вход<>) -> сопоставить п1 вход с  | Фейл _ -> п2 вход   | другое -> другое
56 пробелы >>
57 >>
58 пробелы
59 лм (п2: Парсер<а>) -> (п1 *> п2) <|> п2
60 лм (цифры: Список<символ>) -> (((строка_из_списка цифры) |> число_из_строки) |> Число) |> вернуть
61 (несколько (п_символ символ_цифра)) >>= lam$5
62 (несколько (п_символ символ_цифра)) >>=
63 >>=
64 несколько (п_символ символ_цифра)
65 несколько
66 п_символ символ_цифра
67 п_символ
68 символ_цифра
69 лм (вход: Вход<>) -> сопоставить вход с  | [] -> ошибка "Конец файла" []   | г :: х когда предикат г -> вернуть г х   | _ -> ошибка "Символ не удовлетворяет предикату" []
70 п >>= (lam$3 п)
71 п >>=
72 >>=
73 п
74 лм (ф: а -> Парсер<б>) -> лм (вход: Вход<>) -> сопоставить м вход с    | Ок (рез, остаток) -> ф рез остаток     | Фейл (сообщ, остаток) -> Фейл     (сообщ, остаток)
75 lam$3 п
76 lam$3
77 п
78 лм (голова: а) -> (много п) >>= (lam$4 голова)
79 лм (вход: Вход<>) -> сопоставить м вход с  | Ок (рез, остаток) -> ф рез остаток   | Фейл (сообщ, остаток) -> Фейл   (сообщ, остаток)
80 лм (ф: а -> Парсер<б>) -> лм (вход: Вход<>) -> сопоставить м вход с    | Ок (рез, остаток) -> ф рез остаток     | Фейл (сообщ, остаток) -> Фейл     (сообщ, остаток)
81 lam$5
82 лм (вход: Вход<>) -> сопоставить м вход с  | Ок (рез, остаток) -> ф рез остаток   | Фейл (сообщ, остаток) -> Фейл   (сообщ, остаток)
83 убрать_пробелы пп_число
84 убрать_пробелы
85 пп_число
86 (п1 *> п2) <|> п2
87 (п1 *> п2) <|>
88 <|>
89 п1 *> п2
90 п1 *>
91 *>
92 п1
93 лм (п2: Парсер<а>) -> п1 >>= (lam$1 п2)
94 п2
95 п1 >>= (lam$1 п2)
96 п1 >>=
97 >>=
98 п1
99 лм (ф: а -> Парсер<б>) -> лм (вход: Вход<>) -> сопоставить м вход с    | Ок (рез, остаток) -> ф рез остаток     | Фейл (сообщ, остаток) -> Фейл     (сообщ, остаток)
100 lam$1 п2
101 lam$1
102 п2
103 лм (_: __) -> п2
104 лм (вход: Вход<>) -> сопоставить м вход с  | Ок (рез, остаток) -> ф рез остаток   | Фейл (сообщ, остаток) -> Фейл   (сообщ, остаток)
105 лм (п2: Парсер<а>) -> лм (вход: Вход<>) -> сопоставить п1 вход с    | Фейл _ -> п2 вход     | другое -> другое
106 п2
107 лм (вход: Вход<>) -> сопоставить п1 вход с  | Фейл _ -> п2 вход   | другое -> другое
108 лм (б: ?) -> лм (ф: ?) -> лм (аа: а) -> б >>= (lam$7 аа ф)
109 лм (аа: ?) -> лм (ф: ?) -> лм (бб: б) -> вернуть (ф бб аа)
110 лм (ф: а -> б -> д) -> лм (а: Парсер<а>) -> лм (б: Парсер<б>) -> а >>= (lam$6 б ф)
111 лм (выраж: ?) -> лм (идти: ?) -> лм (оп: ?) -> лм (аккум: а) -> ((поднять2 (lam$9 аккум) оп выраж) >>= идти) <|> (вернуть аккум)
112 лм (аккум: ?) -> лм (ф: а -> а -> Парсер<а>) -> лм (икс: а) -> ф аккум икс
113 лм (выраж: Парсер<а>) -> лм (оп: Парсер<а -> а -> Парсер<а>>) -> пусть рек идти = lam$8 выраж идти оп в выраж >>= идти
114 лм (а: Выражение<>) -> лм (б: Выражение<>) -> Умножить     (а, б)
115 (пробелы >> (п_символ ('*' =))) *> (вернуть lam$10)
116 (пробелы >> (п_символ ('*' =))) *>
117 *>
118 пробелы >> (п_символ ('*' =))
119 пробелы >>
120 >>
121 пробелы
122 лм (п2: Парсер<а>) -> (п1 *> п2) <|> п2
123 п_символ ('*' =)
124 п_символ
125 '*' =
126 =
127 '*'
128 лм (вход: Вход<>) -> сопоставить вход с  | [] -> ошибка "Конец файла" []   | г :: х когда предикат г -> вернуть г х   | _ -> ошибка "Символ не удовлетворяет предикату" []
129 (п1 *> п2) <|> п2
130 (п1 *> п2) <|>
131 <|>
132 п1 *> п2
133 п1 *>
134 *>
135 п1
136 лм (п2: Парсер<а>) -> п1 >>= (lam$1 п2)
137 п2
138 п1 >>= (lam$1 п2)
139 п1 >>=
140 >>=
141 п1
142 лм (ф: а -> Парсер<б>) -> лм (вход: Вход<>) -> сопоставить м вход с    | Ок (рез, остаток) -> ф рез остаток     | Фейл (сообщ, остаток) -> Фейл     (сообщ, остаток)
143 lam$1 п2
144 lam$1
145 п2
146 лм (_: __) -> п2
147 лм (вход: Вход<>) -> сопоставить м вход с  | Ок (рез, остаток) -> ф рез остаток   | Фейл (сообщ, остаток) -> Фейл   (сообщ, остаток)
148 лм (п2: Парсер<а>) -> лм (вход: Вход<>) -> сопоставить п1 вход с    | Фейл _ -> п2 вход     | другое -> другое
149 п2
150 лм (вход: Вход<>) -> сопоставить п1 вход с  | Фейл _ -> п2 вход   | другое -> другое
151 лм (п2: Парсер<а>) -> п1 >>= (lam$1 п2)
152 вернуть lam$10
153 вернуть
154 lam$10
155 лм (вход: Вход<>) -> Ок   (рез, вход)
156 п1 >>= (lam$1 п2)
157 п1 >>=
158 >>=
159 п1
160 лм (ф: а -> Парсер<б>) -> лм (вход: Вход<>) -> сопоставить м вход с    | Ок (рез, остаток) -> ф рез остаток     | Фейл (сообщ, остаток) -> Фейл     (сообщ, остаток)
161 lam$1 п2
162 lam$1
163 п2
164 лм (_: __) -> п2
165 лм (вход: Вход<>) -> сопоставить м вход с  | Ок (рез, остаток) -> ф рез остаток   | Фейл (сообщ, остаток) -> Фейл   (сообщ, остаток)
166 лм (а: Выражение<>) -> лм (б: Выражение<>) -> Сложить     (а, б)
167 (пробелы >> (п_символ ('+' =))) *> (вернуть lam$11)
168 (пробелы >> (п_символ ('+' =))) *>
169 *>
170 пробелы >> (п_символ ('+' =))
171 пробелы >>
172 >>
173 пробелы
174 лм (п2: Парсер<а>) -> (п1 *> п2) <|> п2
175 п_символ ('+' =)
176 п_символ
177 '+' =
178 =
179 '+'
180 лм (вход: Вход<>) -> сопоставить вход с  | [] -> ошибка "Конец файла" []   | г :: х когда предикат г -> вернуть г х   | _ -> ошибка "Символ не удовлетворяет предикату" []
181 (п1 *> п2) <|> п2
182 (п1 *> п2) <|>
183 <|>
184 п1 *> п2
185 п1 *>
186 *>
187 п1
188 лм (п2: Парсер<а>) -> п1 >>= (lam$1 п2)
189 п2
190 п1 >>= (lam$1 п2)
191 п1 >>=
192 >>=
193 п1
194 лм (ф: а -> Парсер<б>) -> лм (вход: Вход<>) -> сопоставить м вход с    | Ок (рез, остаток) -> ф рез остаток     | Фейл (сообщ, остаток) -> Фейл     (сообщ, остаток)
195 lam$1 п2
196 lam$1
197 п2
198 лм (_: __) -> п2
199 лм (вход: Вход<>) -> сопоставить м вход с  | Ок (рез, остаток) -> ф рез остаток   | Фейл (сообщ, остаток) -> Фейл   (сообщ, остаток)
200 лм (п2: Парсер<а>) -> лм (вход: Вход<>) -> сопоставить п1 вход с    | Фейл _ -> п2 вход     | другое -> другое
201 п2
202 лм (вход: Вход<>) -> сопоставить п1 вход с  | Фейл _ -> п2 вход   | другое -> другое
203 лм (п2: Парсер<а>) -> п1 >>= (lam$1 п2)
204 вернуть lam$11
205 вернуть
206 lam$11
207 лм (вход: Вход<>) -> Ок   (рез, вход)
208 п1 >>= (lam$1 п2)
209 п1 >>=
210 >>=
211 п1
212 лм (ф: а -> Парсер<б>) -> лм (вход: Вход<>) -> сопоставить м вход с    | Ок (рез, остаток) -> ф рез остаток     | Фейл (сообщ, остаток) -> Фейл     (сообщ, остаток)
213 lam$1 п2
214 lam$1
215 п2
216 лм (_: __) -> п2
217 лм (вход: Вход<>) -> сопоставить м вход с  | Ок (рез, остаток) -> ф рез остаток   | Фейл (сообщ, остаток) -> Фейл   (сообщ, остаток)
218 лм (а: Выражение<>) -> лм (б: Выражение<>) -> Делить     (а, б)
219 (пробелы >> (п_символ ('+' =))) *> (вернуть lam$12)
220 (пробелы >> (п_символ ('+' =))) *>
221 *>
222 пробелы >> (п_символ ('+' =))
223 пробелы >>
224 >>
225 пробелы
226 лм (п2: Парсер<а>) -> (п1 *> п2) <|> п2
227 п_символ ('+' =)
228 п_символ
229 '+' =
230 =
231 '+'
232 лм (вход: Вход<>) -> сопоставить вход с  | [] -> ошибка "Конец файла" []   | г :: х когда предикат г -> вернуть г х   | _ -> ошибка "Символ не удовлетворяет предикату" []
233 (п1 *> п2) <|> п2
234 (п1 *> п2) <|>
235 <|>
236 п1 *> п2
237 п1 *>
238 *>
239 п1
240 лм (п2: Парсер<а>) -> п1 >>= (lam$1 п2)
241 п2
242 п1 >>= (lam$1 п2)
243 п1 >>=
244 >>=
245 п1
246 лм (ф: а -> Парсер<б>) -> лм (вход: Вход<>) -> сопоставить м вход с    | Ок (рез, остаток) -> ф рез остаток     | Фейл (сообщ, остаток) -> Фейл     (сообщ, остаток)
247 lam$1 п2
248 lam$1
249 п2
250 лм (_: __) -> п2
251 лм (вход: Вход<>) -> сопоставить м вход с  | Ок (рез, остаток) -> ф рез остаток   | Фейл (сообщ, остаток) -> Фейл   (сообщ, остаток)
252 лм (п2: Парсер<а>) -> лм (вход: Вход<>) -> сопоставить п1 вход с    | Фейл _ -> п2 вход     | другое -> другое
253 п2
254 лм (вход: Вход<>) -> сопоставить п1 вход с  | Фейл _ -> п2 вход   | другое -> другое
255 лм (п2: Парсер<а>) -> п1 >>= (lam$1 п2)
256 вернуть lam$12
257 вернуть
258 lam$12
259 лм (вход: Вход<>) -> Ок   (рез, вход)
260 п1 >>= (lam$1 п2)
261 п1 >>=
262 >>=
263 п1
264 лм (ф: а -> Парсер<б>) -> лм (вход: Вход<>) -> сопоставить м вход с    | Ок (рез, остаток) -> ф рез остаток     | Фейл (сообщ, остаток) -> Фейл     (сообщ, остаток)
265 lam$1 п2
266 lam$1
267 п2
268 лм (_: __) -> п2
269 лм (вход: Вход<>) -> сопоставить м вход с  | Ок (рез, остаток) -> ф рез остаток   | Фейл (сообщ, остаток) -> Фейл   (сообщ, остаток)
270 лм (а: Выражение<>) -> лм (б: Выражение<>) -> Вычесть     (б, а)
271 (пробелы >> (п_символ ('-' =))) *> (вернуть lam$13)
272 (пробелы >> (п_символ ('-' =))) *>
273 *>
274 пробелы >> (п_символ ('-' =))
275 пробелы >>
276 >>
277 пробелы
278 лм (п2: Парсер<а>) -> (п1 *> п2) <|> п2
279 п_символ ('-' =)
280 п_символ
281 '-' =
282 =
283 '-'
284 лм (вход: Вход<>) -> сопоставить вход с  | [] -> ошибка "Конец файла" []   | г :: х когда предикат г -> вернуть г х   | _ -> ошибка "Символ не удовлетворяет предикату" []
285 (п1 *> п2) <|> п2
286 (п1 *> п2) <|>
287 <|>
288 п1 *> п2
289 п1 *>
290 *>
291 п1
292 лм (п2: Парсер<а>) -> п1 >>= (lam$1 п2)
293 п2
294 п1 >>= (lam$1 п2)
295 п1 >>=
296 >>=
297 п1
298 лм (ф: а -> Парсер<б>) -> лм (вход: Вход<>) -> сопоставить м вход с    | Ок (рез, остаток) -> ф рез остаток     | Фейл (сообщ, остаток) -> Фейл     (сообщ, остаток)
299 lam$1 п2
300 lam$1
301 п2
302 лм (_: __) -> п2
303 лм (вход: Вход<>) -> сопоставить м вход с  | Ок (рез, остаток) -> ф рез остаток   | Фейл (сообщ, остаток) -> Фейл   (сообщ, остаток)
304 лм (п2: Парсер<а>) -> лм (вход: Вход<>) -> сопоставить п1 вход с    | Фейл _ -> п2 вход     | другое -> другое
305 п2
306 лм (вход: Вход<>) -> сопоставить п1 вход с  | Фейл _ -> п2 вход   | другое -> другое
307 лм (п2: Парсер<а>) -> п1 >>= (lam$1 п2)
308 вернуть lam$13
309 вернуть
310 lam$13
311 лм (вход: Вход<>) -> Ок   (рез, вход)
312 п1 >>= (lam$1 п2)
313 п1 >>=
314 >>=
315 п1
316 лм (ф: а -> Парсер<б>) -> лм (вход: Вход<>) -> сопоставить м вход с    | Ок (рез, остаток) -> ф рез остаток     | Фейл (сообщ, остаток) -> Фейл     (сообщ, остаток)
317 lam$1 п2
318 lam$1
319 п2
320 лм (_: __) -> п2
321 лм (вход: Вход<>) -> сопоставить м вход с  | Ок (рез, остаток) -> ф рез остаток   | Фейл (сообщ, остаток) -> Фейл   (сообщ, остаток)
322 лм (п: Парсер<а>) -> ((пробелы >> (п_символ ('(' =))) *> (пробелы >> п)) <* (пробелы >> (п_символ (')' =)))
323 пусть множитель = п_число <|> (в_скобках п_выраж) в множитель
324 п_число <|> (в_скобках п_выраж)
325 п_число <|>
326 <|>
327 п_число
328 лм (п2: Парсер<а>) -> лм (вход: Вход<>) -> сопоставить п1 вход с    | Фейл _ -> п2 вход     | другое -> другое
329 в_скобках п_выраж
330 в_скобках
331 п_выраж
332 ((пробелы >> (п_символ ('(' =))) *> (пробелы >> п)) <* (пробелы >> (п_символ (')' =)))
333 ((пробелы >> (п_символ ('(' =))) *> (пробелы >> п)) <*
334 <*
335 (пробелы >> (п_символ ('(' =))) *> (пробелы >> п)
336 (пробелы >> (п_символ ('(' =))) *>
337 *>
338 пробелы >> (п_символ ('(' =))
339 пробелы >>
340 >>
341 пробелы
342 лм (п2: Парсер<а>) -> (п1 *> п2) <|> п2
343 п_символ ('(' =)
344 п_символ
345 '(' =
346 =
347 '('
348 лм (вход: Вход<>) -> сопоставить вход с  | [] -> ошибка "Конец файла" []   | г :: х когда предикат г -> вернуть г х   | _ -> ошибка "Символ не удовлетворяет предикату" []
349 (п1 *> п2) <|> п2
350 (п1 *> п2) <|>
351 <|>
352 п1 *> п2
353 п1 *>
354 *>
355 п1
356 лм (п2: Парсер<а>) -> п1 >>= (lam$1 п2)
357 п2
358 п1 >>= (lam$1 п2)
359 п1 >>=
360 >>=
361 п1
362 лм (ф: а -> Парсер<б>) -> лм (вход: Вход<>) -> сопоставить м вход с    | Ок (рез, остаток) -> ф рез остаток     | Фейл (сообщ, остаток) -> Фейл     (сообщ, остаток)
363 lam$1 п2
364 lam$1
365 п2
366 лм (_: __) -> п2
367 лм (вход: Вход<>) -> сопоставить м вход с  | Ок (рез, остаток) -> ф рез остаток   | Фейл (сообщ, остаток) -> Фейл   (сообщ, остаток)
368 лм (п2: Парсер<а>) -> лм (вход: Вход<>) -> сопоставить п1 вход с    | Фейл _ -> п2 вход     | другое -> другое
369 п2
370 лм (вход: Вход<>) -> сопоставить п1 вход с  | Фейл _ -> п2 вход   | другое -> другое
371 лм (п2: Парсер<а>) -> п1 >>= (lam$1 п2)
372 пробелы >> п
373 пробелы >>
374 >>
375 пробелы
376 лм (п2: Парсер<а>) -> (п1 *> п2) <|> п2
377 п
378 (п1 *> п2) <|> п2
379 (п1 *> п2) <|>
380 <|>
381 п1 *> п2
382 п1 *>
383 *>
384 п1
385 лм (п2: Парсер<а>) -> п1 >>= (lam$1 п2)
386 п2
387 п1 >>= (lam$1 п2)
388 п1 >>=
389 >>=
390 п1
391 лм (ф: а -> Парсер<б>) -> лм (вход: Вход<>) -> сопоставить м вход с    | Ок (рез, остаток) -> ф рез остаток     | Фейл (сообщ, остаток) -> Фейл     (сообщ, остаток)
392 lam$1 п2
393 lam$1
394 п2
395 лм (_: __) -> п2
396 лм (вход: Вход<>) -> сопоставить м вход с  | Ок (рез, остаток) -> ф рез остаток   | Фейл (сообщ, остаток) -> Фейл   (сообщ, остаток)
397 лм (п2: Парсер<а>) -> лм (вход: Вход<>) -> сопоставить п1 вход с    | Фейл _ -> п2 вход     | другое -> другое
398 п2
399 лм (вход: Вход<>) -> сопоставить п1 вход с  | Фейл _ -> п2 вход   | другое -> другое
400 п1 >>= (lam$1 п2)
401 п1 >>=
402 >>=
403 п1
404 лм (ф: а -> Парсер<б>) -> лм (вход: Вход<>) -> сопоставить м вход с    | Ок (рез, остаток) -> ф рез остаток     | Фейл (сообщ, остаток) -> Фейл     (сообщ, остаток)
405 lam$1 п2
406 lam$1
407 п2
408 лм (_: __) -> п2
409 лм (вход: Вход<>) -> сопоставить м вход с  | Ок (рез, остаток) -> ф рез остаток   | Фейл (сообщ, остаток) -> Фейл   (сообщ, остаток)
410 лм (п2: Парсер<а>) -> п1 >>= (lam$2 п2)
411 пробелы >> (п_символ (')' =))
412 пробелы >>
413 >>
414 пробелы
415 лм (п2: Парсер<а>) -> (п1 *> п2) <|> п2
416 п_символ (')' =)
417 п_символ
418 ')' =
419 =
420 ')'
421 лм (вход: Вход<>) -> сопоставить вход с  | [] -> ошибка "Конец файла" []   | г :: х когда предикат г -> вернуть г х   | _ -> ошибка "Символ не удовлетворяет предикату" []
422 (п1 *> п2) <|> п2
423 (п1 *> п2) <|>
424 <|>
425 п1 *> п2
426 п1 *>
427 *>
428 п1
429 лм (п2: Парсер<а>) -> п1 >>= (lam$1 п2)
430 п2
431 п1 >>= (lam$1 п2)
432 п1 >>=
433 >>=
434 п1
435 лм (ф: а -> Парсер<б>) -> лм (вход: Вход<>) -> сопоставить м вход с    | Ок (рез, остаток) -> ф рез остаток     | Фейл (сообщ, остаток) -> Фейл     (сообщ, остаток)
436 lam$1 п2
437 lam$1
438 п2
439 лм (_: __) -> п2
440 лм (вход: Вход<>) -> сопоставить м вход с  | Ок (рез, остаток) -> ф рез остаток   | Фейл (сообщ, остаток) -> Фейл   (сообщ, остаток)
441 лм (п2: Парсер<а>) -> лм (вход: Вход<>) -> сопоставить п1 вход с    | Фейл _ -> п2 вход     | другое -> другое
442 п2
443 лм (вход: Вход<>) -> сопоставить п1 вход с  | Фейл _ -> п2 вход   | другое -> другое
444 п1 >>= (lam$2 п2)
445 п1 >>=
446 >>=
447 п1
448 лм (ф: а -> Парсер<б>) -> лм (вход: Вход<>) -> сопоставить м вход с    | Ок (рез, остаток) -> ф рез остаток     | Фейл (сообщ, остаток) -> Фейл     (сообщ, остаток)
449 lam$2 п2
450 lam$2
451 п2
452 лм (рез: б) -> п2 *> (вернуть рез)
453 лм (вход: Вход<>) -> сопоставить м вход с  | Ок (рез, остаток) -> ф рез остаток   | Фейл (сообщ, остаток) -> Фейл   (сообщ, остаток)
454 лм (вход: Вход<>) -> сопоставить п1 вход с  | Фейл _ -> п2 вход   | другое -> другое
455 множитель
456 лм (выраж: Выражение<>) -> сопоставить выраж с  | Число икс -> икс   | Сложить (а, б) -> (вычислить а) + (вычислить б)   | Вычесть (а, б) -> (вычислить а) - (вычислить б)   | Умножить (а, б) -> (вычислить а) * (вычислить б)   | Делить (а, б) -> (вычислить а) / (вычислить б)
457 лм (ф: а -> б) -> лм (рез: ПарсРез<а>) -> сопоставить рез с    | Ок (рез, остаток) -> Ок     (ф рез, остаток)     | другое -> другое
458 пусть вход = список_из_строки "" в ((п_выраж вход) |> (мап_парсрез вычислить)) |> дебаг
459 список_из_строки ""
460 список_из_строки
461 ""
462 ((п_выраж вход) |> (мап_парсрез вычислить)) |> дебаг
463 ((п_выраж вход) |> (мап_парсрез вычислить)) |>
464 |>
465 (п_выраж вход) |> (мап_парсрез вычислить)
466 (п_выраж вход) |>
467 |>
468 п_выраж вход
469 п_выраж
470 вход
471 сопоставить п1 вход с| Фейл _ -> п2 вход | другое -> другое
472 п1 вход
473 п1
474 вход
475 сопоставить п1 вход с| Фейл _ -> п2 вход | другое -> другое
476 п1 вход
477 п1
478 вход
479 сопоставить п1 вход с| Фейл _ -> п2 вход | другое -> другое
480 п1 вход
481 п1
482 вход
483 сопоставить м вход с| Ок (рез, остаток) -> ф рез остаток | Фейл (сообщ, остаток) -> Фейл (сообщ, остаток)
484 м вход
485 м
486 вход
487 сопоставить вход с| [] -> ошибка "Конец файла" [] | г :: х когда предикат г -> вернуть г х | _ -> ошибка "Символ не удовлетворяет предикату" []
488 вход
489 true
490 ошибка "Конец файла" []
491 ошибка "Конец файла"
492 ошибка
493 "Конец файла"
494 лм (вход: Вход<>) -> Фейл   (сообщ, вход)
495 []
496 Фейл (сообщ, вход)
497 Фейл
498 (сообщ, вход)
499 сообщ
500 вход
501 true
502 Фейл (сообщ, остаток)
503 Фейл
504 (сообщ, остаток)
505 сообщ
506 остаток
507 true
508 п2 вход
509 п2
510 вход
511 Ок (рез, вход)
512 Ок
513 (рез, вход)
514 рез
515 вход
516 true
517 другое
518 true
519 другое
520 лм (ф: а -> б) -> ф икс
521 мап_парсрез вычислить
522 мап_парсрез
523 вычислить
524 лм (рез: ПарсРез<а>) -> сопоставить рез с  | Ок (рез, остаток) -> Ок   (ф рез, остаток)   | другое -> другое
525 ф икс
526 ф
527 икс
528 сопоставить рез с| Ок (рез, остаток) -> Ок (ф рез, остаток) | другое -> другое
529 рез
530 true
531 Ок (ф рез, остаток)
532 Ок
533 (ф рез, остаток)
534 ф рез
535 ф
536 рез
537 сопоставить выраж с| Число икс -> икс | Сложить (а, б) -> (вычислить а) + (вычислить б) | Вычесть (а, б) -> (вычислить а) - (вычислить б) | Умножить (а, б) -> (вычислить а) * (вычислить б) | Делить (а, б) -> (вычислить а) / (вычислить б)
538 выраж
